✅ 服務器啟動於端口: 3000
✅ 資料庫初始化完成
✅ 資料庫初始化完成
